Analysis & Synthesis report for digital_lock_system
Tue Nov 25 12:23:02 2025
Quartus II 64-Bit Version 13.0.1 Build 232 06/12/2013 Service Pack 1 SJ Full Version


---------------------
; Table of Contents ;
---------------------
  1. Legal Notice
  2. Analysis & Synthesis Summary
  3. Analysis & Synthesis Settings
  4. Parallel Compilation
  5. Analysis & Synthesis Source Files Read
  6. Analysis & Synthesis Resource Usage Summary
  7. Analysis & Synthesis Resource Utilization by Entity
  8. State Machine - |digital_lock_system|mode_controller:u_mode_controller|state
  9. Registers Removed During Synthesis
 10. General Register Statistics
 11. Multiplexer Restructuring Statistics (Restructuring Performed)
 12. Port Connectivity Checks: "mode_controller:u_mode_controller"
 13. Elapsed Time Per Partition
 14. Analysis & Synthesis Messages



----------------
; Legal Notice ;
----------------
Copyright (C) 1991-2013 Altera Corporation
Your use of Altera Corporation's design tools, logic functions 
and other software and tools, and its AMPP partner logic 
functions, and any output files from any of the foregoing 
(including device programming or simulation files), and any 
associated documentation or information are expressly subject 
to the terms and conditions of the Altera Program License 
Subscription Agreement, Altera MegaCore Function License 
Agreement, or other applicable license agreement, including, 
without limitation, that your use is for the sole purpose of 
programming logic devices manufactured by Altera and sold by 
Altera or its authorized distributors.  Please refer to the 
applicable agreement for further details.



+---------------------------------------------------------------------------------------+
; Analysis & Synthesis Summary                                                          ;
+------------------------------------+--------------------------------------------------+
; Analysis & Synthesis Status        ; Successful - Tue Nov 25 12:23:02 2025            ;
; Quartus II 64-Bit Version          ; 13.0.1 Build 232 06/12/2013 SP 1 SJ Full Version ;
; Revision Name                      ; digital_lock_system                              ;
; Top-level Entity Name              ; digital_lock_system                              ;
; Family                             ; Cyclone II                                       ;
; Total logic elements               ; 2                                                ;
;     Total combinational functions  ; 2                                                ;
;     Dedicated logic registers      ; 2                                                ;
; Total registers                    ; 2                                                ;
; Total pins                         ; 16                                               ;
; Total virtual pins                 ; 0                                                ;
; Total memory bits                  ; 0                                                ;
; Embedded Multiplier 9-bit elements ; 0                                                ;
; Total PLLs                         ; 0                                                ;
+------------------------------------+--------------------------------------------------+


+------------------------------------------------------------------------------------------------------------------------+
; Analysis & Synthesis Settings                                                                                          ;
+----------------------------------------------------------------------------+---------------------+---------------------+
; Option                                                                     ; Setting             ; Default Value       ;
+----------------------------------------------------------------------------+---------------------+---------------------+
; Device                                                                     ; EP2C35F672C6        ;                     ;
; Top-level entity name                                                      ; digital_lock_system ; digital_lock_system ;
; Family name                                                                ; Cyclone II          ; Cyclone IV GX       ;
; Use smart compilation                                                      ; Off                 ; Off                 ;
; Enable parallel Assembler and TimeQuest Timing Analyzer during compilation ; On                  ; On                  ;
; Enable compact report table                                                ; Off                 ; Off                 ;
; Restructure Multiplexers                                                   ; Auto                ; Auto                ;
; Create Debugging Nodes for IP Cores                                        ; Off                 ; Off                 ;
; Preserve fewer node names                                                  ; On                  ; On                  ;
; Disable OpenCore Plus hardware evaluation                                  ; Off                 ; Off                 ;
; Verilog Version                                                            ; Verilog_2001        ; Verilog_2001        ;
; VHDL Version                                                               ; VHDL_1993           ; VHDL_1993           ;
; State Machine Processing                                                   ; Auto                ; Auto                ;
; Safe State Machine                                                         ; Off                 ; Off                 ;
; Extract Verilog State Machines                                             ; On                  ; On                  ;
; Extract VHDL State Machines                                                ; On                  ; On                  ;
; Ignore Verilog initial constructs                                          ; Off                 ; Off                 ;
; Iteration limit for constant Verilog loops                                 ; 5000                ; 5000                ;
; Iteration limit for non-constant Verilog loops                             ; 250                 ; 250                 ;
; Add Pass-Through Logic to Inferred RAMs                                    ; On                  ; On                  ;
; Infer RAMs from Raw Logic                                                  ; On                  ; On                  ;
; Parallel Synthesis                                                         ; On                  ; On                  ;
; DSP Block Balancing                                                        ; Auto                ; Auto                ;
; NOT Gate Push-Back                                                         ; On                  ; On                  ;
; Power-Up Don't Care                                                        ; On                  ; On                  ;
; Remove Redundant Logic Cells                                               ; Off                 ; Off                 ;
; Remove Duplicate Registers                                                 ; On                  ; On                  ;
; Ignore CARRY Buffers                                                       ; Off                 ; Off                 ;
; Ignore CASCADE Buffers                                                     ; Off                 ; Off                 ;
; Ignore GLOBAL Buffers                                                      ; Off                 ; Off                 ;
; Ignore ROW GLOBAL Buffers                                                  ; Off                 ; Off                 ;
; Ignore LCELL Buffers                                                       ; Off                 ; Off                 ;
; Ignore SOFT Buffers                                                        ; On                  ; On                  ;
; Limit AHDL Integers to 32 Bits                                             ; Off                 ; Off                 ;
; Optimization Technique                                                     ; Balanced            ; Balanced            ;
; Carry Chain Length                                                         ; 70                  ; 70                  ;
; Auto Carry Chains                                                          ; On                  ; On                  ;
; Auto Open-Drain Pins                                                       ; On                  ; On                  ;
; Perform WYSIWYG Primitive Resynthesis                                      ; Off                 ; Off                 ;
; Auto ROM Replacement                                                       ; On                  ; On                  ;
; Auto RAM Replacement                                                       ; On                  ; On                  ;
; Auto Shift Register Replacement                                            ; Auto                ; Auto                ;
; Allow Shift Register Merging across Hierarchies                            ; Auto                ; Auto                ;
; Auto Clock Enable Replacement                                              ; On                  ; On                  ;
; Strict RAM Replacement                                                     ; Off                 ; Off                 ;
; Allow Synchronous Control Signals                                          ; On                  ; On                  ;
; Force Use of Synchronous Clear Signals                                     ; Off                 ; Off                 ;
; Auto RAM to Logic Cell Conversion                                          ; Off                 ; Off                 ;
; Auto Resource Sharing                                                      ; Off                 ; Off                 ;
; Allow Any RAM Size For Recognition                                         ; Off                 ; Off                 ;
; Allow Any ROM Size For Recognition                                         ; Off                 ; Off                 ;
; Allow Any Shift Register Size For Recognition                              ; Off                 ; Off                 ;
; Use LogicLock Constraints during Resource Balancing                        ; On                  ; On                  ;
; Ignore translate_off and synthesis_off directives                          ; Off                 ; Off                 ;
; Timing-Driven Synthesis                                                    ; Off                 ; Off                 ;
; Report Parameter Settings                                                  ; On                  ; On                  ;
; Report Source Assignments                                                  ; On                  ; On                  ;
; Report Connectivity Checks                                                 ; On                  ; On                  ;
; Ignore Maximum Fan-Out Assignments                                         ; Off                 ; Off                 ;
; Synchronization Register Chain Length                                      ; 2                   ; 2                   ;
; PowerPlay Power Optimization                                               ; Normal compilation  ; Normal compilation  ;
; HDL message level                                                          ; Level2              ; Level2              ;
; Suppress Register Optimization Related Messages                            ; Off                 ; Off                 ;
; Number of Removed Registers Reported in Synthesis Report                   ; 5000                ; 5000                ;
; Number of Swept Nodes Reported in Synthesis Report                         ; 5000                ; 5000                ;
; Number of Inverted Registers Reported in Synthesis Report                  ; 100                 ; 100                 ;
; Clock MUX Protection                                                       ; On                  ; On                  ;
; Auto Gated Clock Conversion                                                ; Off                 ; Off                 ;
; Block Design Naming                                                        ; Auto                ; Auto                ;
; SDC constraint protection                                                  ; Off                 ; Off                 ;
; Synthesis Effort                                                           ; Auto                ; Auto                ;
; Shift Register Replacement - Allow Asynchronous Clear Signal               ; On                  ; On                  ;
; Pre-Mapping Resynthesis Optimization                                       ; Off                 ; Off                 ;
; Analysis & Synthesis Message Level                                         ; Medium              ; Medium              ;
; Disable Register Merging Across Hierarchies                                ; Auto                ; Auto                ;
; Resource Aware Inference For Block RAM                                     ; On                  ; On                  ;
; Synthesis Seed                                                             ; 1                   ; 1                   ;
+----------------------------------------------------------------------------+---------------------+---------------------+


+------------------------------------------+
; Parallel Compilation                     ;
+----------------------------+-------------+
; Processors                 ; Number      ;
+----------------------------+-------------+
; Number detected on machine ; 20          ;
; Maximum allowed            ; 14          ;
;                            ;             ;
; Average used               ; 1.00        ;
; Maximum used               ; 1           ;
;                            ;             ;
; Usage by Processor         ; % Time Used ;
;     Processor 1            ; 100.0%      ;
;     Processors 2-20        ;   0.0%      ;
+----------------------------+-------------+


+-------------------------------------------------------------------------------------------------------------------------------------------------------------------------+
; Analysis & Synthesis Source Files Read                                                                                                                                  ;
+----------------------------------+-----------------+------------------------+---------------------------------------------------------------------------------+---------+
; File Name with User-Entered Path ; Used in Netlist ; File Type              ; File Name with Absolute Path                                                    ; Library ;
+----------------------------------+-----------------+------------------------+---------------------------------------------------------------------------------+---------+
; mode_controller.v                ; yes             ; User Verilog HDL File  ; C:/Users/ryanm/OneDrive/Desktop/ELEC473-Assignment_1/code/mode_controller.v     ;         ;
; digital_lock_system.v            ; yes             ; User Verilog HDL File  ; C:/Users/ryanm/OneDrive/Desktop/ELEC473-Assignment_1/code/digital_lock_system.v ;         ;
+----------------------------------+-----------------+------------------------+---------------------------------------------------------------------------------+---------+


+------------------------------------------------------------------------------------------------+
; Analysis & Synthesis Resource Usage Summary                                                    ;
+---------------------------------------------+--------------------------------------------------+
; Resource                                    ; Usage                                            ;
+---------------------------------------------+--------------------------------------------------+
; Estimated Total logic elements              ; 2                                                ;
;                                             ;                                                  ;
; Total combinational functions               ; 2                                                ;
; Logic element usage by number of LUT inputs ;                                                  ;
;     -- 4 input functions                    ; 2                                                ;
;     -- 3 input functions                    ; 0                                                ;
;     -- <=2 input functions                  ; 0                                                ;
;                                             ;                                                  ;
; Logic elements by mode                      ;                                                  ;
;     -- normal mode                          ; 2                                                ;
;     -- arithmetic mode                      ; 0                                                ;
;                                             ;                                                  ;
; Total registers                             ; 2                                                ;
;     -- Dedicated logic registers            ; 2                                                ;
;     -- I/O registers                        ; 0                                                ;
;                                             ;                                                  ;
; I/O pins                                    ; 16                                               ;
; Embedded Multiplier 9-bit elements          ; 0                                                ;
; Maximum fan-out node                        ; mode_controller:u_mode_controller|state.UNLOCKED ;
; Maximum fan-out                             ; 3                                                ;
; Total fan-out                               ; 15                                               ;
; Average fan-out                             ; 0.75                                             ;
+---------------------------------------------+--------------------------------------------------+


+----------------------------------------------------------------------------------------------------------------------------------------------------------------------------------------------------------------------------+
; Analysis & Synthesis Resource Utilization by Entity                                                                                                                                                                        ;
+----------------------------------------+-------------------+--------------+-------------+--------------+---------+-----------+------+--------------+--------------------------------------------------------+--------------+
; Compilation Hierarchy Node             ; LC Combinationals ; LC Registers ; Memory Bits ; DSP Elements ; DSP 9x9 ; DSP 18x18 ; Pins ; Virtual Pins ; Full Hierarchy Name                                    ; Library Name ;
+----------------------------------------+-------------------+--------------+-------------+--------------+---------+-----------+------+--------------+--------------------------------------------------------+--------------+
; |digital_lock_system                   ; 2 (0)             ; 2 (0)        ; 0           ; 0            ; 0       ; 0         ; 16   ; 0            ; |digital_lock_system                                   ; work         ;
;    |mode_controller:u_mode_controller| ; 2 (2)             ; 2 (2)        ; 0           ; 0            ; 0       ; 0         ; 0    ; 0            ; |digital_lock_system|mode_controller:u_mode_controller ; work         ;
+----------------------------------------+-------------------+--------------+-------------+--------------+---------+-----------+------+--------------+--------------------------------------------------------+--------------+
Note: For table entries with two numbers listed, the numbers in parentheses indicate the number of resources of the given type used by the specific entity alone. The numbers listed outside of parentheses indicate the total resources of the given type used by the specific entity and all of its sub-entities in the hierarchy.


Encoding Type:  One-Hot
+-----------------------------------------------------------------------------------------+
; State Machine - |digital_lock_system|mode_controller:u_mode_controller|state            ;
+----------------------------+--------------+----------------------------+----------------+
; Name                       ; state.LOCKED ; state.UNLOCKED_PROGRAMMING ; state.UNLOCKED ;
+----------------------------+--------------+----------------------------+----------------+
; state.LOCKED               ; 0            ; 0                          ; 0              ;
; state.UNLOCKED             ; 1            ; 0                          ; 1              ;
; state.UNLOCKED_PROGRAMMING ; 1            ; 1                          ; 0              ;
+----------------------------+--------------+----------------------------+----------------+


+-----------------------------------------------------------------------------------------+
; Registers Removed During Synthesis                                                      ;
+------------------------------------------------+----------------------------------------+
; Register name                                  ; Reason for Removal                     ;
+------------------------------------------------+----------------------------------------+
; mode_controller:u_mode_controller|state.LOCKED ; Stuck at GND due to stuck port data_in ;
; Total Number of Removed Registers = 1          ;                                        ;
+------------------------------------------------+----------------------------------------+


+------------------------------------------------------+
; General Register Statistics                          ;
+----------------------------------------------+-------+
; Statistic                                    ; Value ;
+----------------------------------------------+-------+
; Total registers                              ; 2     ;
; Number of registers using Synchronous Clear  ; 0     ;
; Number of registers using Synchronous Load   ; 0     ;
; Number of registers using Asynchronous Clear ; 2     ;
; Number of registers using Asynchronous Load  ; 0     ;
; Number of registers using Clock Enable       ; 0     ;
; Number of registers using Preset             ; 0     ;
+----------------------------------------------+-------+


+--------------------------------------------------------------------------------------------------------------------------------------------------------------------------------+
; Multiplexer Restructuring Statistics (Restructuring Performed)                                                                                                                 ;
+--------------------+-----------+---------------+----------------------+------------------------+------------+------------------------------------------------------------------+
; Multiplexer Inputs ; Bus Width ; Baseline Area ; Area if Restructured ; Saving if Restructured ; Registered ; Example Multiplexer Output                                       ;
+--------------------+-----------+---------------+----------------------+------------------------+------------+------------------------------------------------------------------+
; 7:1                ; 2 bits    ; 8 LEs         ; 6 LEs                ; 2 LEs                  ; No         ; |digital_lock_system|mode_controller:u_mode_controller|Selector1 ;
+--------------------+-----------+---------------+----------------------+------------------------+------------+------------------------------------------------------------------+


+----------------------------------------------------------------------------------------------------------------+
; Port Connectivity Checks: "mode_controller:u_mode_controller"                                                  ;
+------+--------+----------+-------------------------------------------------------------------------------------+
; Port ; Type   ; Severity ; Details                                                                             ;
+------+--------+----------+-------------------------------------------------------------------------------------+
; mode ; Output ; Info     ; Connected to dangling logic. Logic that only feeds a dangling port will be removed. ;
+------+--------+----------+-------------------------------------------------------------------------------------+


+-------------------------------+
; Elapsed Time Per Partition    ;
+----------------+--------------+
; Partition Name ; Elapsed Time ;
+----------------+--------------+
; Top            ; 00:00:00     ;
+----------------+--------------+


+-------------------------------+
; Analysis & Synthesis Messages ;
+-------------------------------+
Info: *******************************************************************
Info: Running Quartus II 64-Bit Analysis & Synthesis
    Info: Version 13.0.1 Build 232 06/12/2013 Service Pack 1 SJ Full Version
    Info: Processing started: Tue Nov 25 12:23:00 2025
Info: Command: quartus_map --read_settings_files=on --write_settings_files=off digital_lock_system -c digital_lock_system
Info (11104): Parallel Compilation has detected 20 hyper-threaded processors. However, the extra hyper-threaded processors will not be used by default. Parallel Compilation will use 14 of the 14 physical processors detected instead.
Info (12021): Found 1 design units, including 1 entities, in source file mode_controller.v
    Info (12023): Found entity 1: mode_controller
Info (12021): Found 1 design units, including 1 entities, in source file digital_lock_system.v
    Info (12023): Found entity 1: digital_lock_system
Info (12021): Found 1 design units, including 1 entities, in source file test_bench_digital_lock_system.v
    Info (12023): Found entity 1: digital_lock_system_tb
Info (12127): Elaborating entity "digital_lock_system" for the top level hierarchy
Warning (10034): Output port "hexx_y" at digital_lock_system.v(12) has no driver
Info (12128): Elaborating entity "mode_controller" for hierarchy "mode_controller:u_mode_controller"
Warning (13024): Output pins are stuck at VCC or GND
    Warning (13410): Pin "gledx" is stuck at GND
    Warning (13410): Pin "hexx_y[0]" is stuck at GND
    Warning (13410): Pin "hexx_y[1]" is stuck at GND
    Warning (13410): Pin "hexx_y[2]" is stuck at GND
    Warning (13410): Pin "hexx_y[3]" is stuck at GND
    Warning (13410): Pin "hexx_y[4]" is stuck at GND
    Warning (13410): Pin "hexx_y[5]" is stuck at GND
    Warning (13410): Pin "hexx_y[6]" is stuck at GND
Info (16010): Generating hard_block partition "hard_block:auto_generated_inst"
    Info (16011): Adding 0 node(s), including 0 DDIO, 0 PLL, 0 transceiver and 0 LCELL
Warning (21074): Design contains 3 input pin(s) that do not drive logic
    Warning (15610): No output dependent on input pin "keyb"
    Warning (15610): No output dependent on input pin "keyc"
    Warning (15610): No output dependent on input pin "keyd"
Info (21057): Implemented 18 device resources after synthesis - the final resource count might be different
    Info (21058): Implemented 7 input pins
    Info (21059): Implemented 9 output pins
    Info (21061): Implemented 2 logic cells
Info: Quartus II 64-Bit Analysis & Synthesis was successful. 0 errors, 14 warnings
    Info: Peak virtual memory: 4618 megabytes
    Info: Processing ended: Tue Nov 25 12:23:02 2025
    Info: Elapsed time: 00:00:02
    Info: Total CPU time (on all processors): 00:00:01


